换视频了
trace_idx = 2
换视频了
trace_idx = 4
换视频了
trace_idx = 6
换视频了
trace_idx = 8
换视频了
trace_idx = 10
换视频了
trace_idx = 12
换视频了
trace_idx = 14
换视频了
trace_idx = 16
换视频了
trace_idx = 18
换视频了
trace_idx = 20
换视频了
trace_idx = 22
换视频了
trace_idx = 24
换视频了
trace_idx = 26
换视频了
trace_idx = 28
换视频了
trace_idx = 30
换视频了
trace_idx = 32
换视频了
trace_idx = 34
换视频了
trace_idx = 36
换视频了
trace_idx = 38
换视频了
trace_idx = 40
换视频了
trace_idx = 42
换视频了
trace_idx = 44
换视频了
trace_idx = 46
换视频了
trace_idx = 48
换视频了
trace_idx = 50
换视频了
trace_idx = 52
换视频了
trace_idx = 54
换视频了
trace_idx = 56
换视频了
trace_idx = 58
换视频了
trace_idx = 60
换视频了
trace_idx = 62
换视频了
trace_idx = 64
换视频了
trace_idx = 66
换视频了
trace_idx = 68
换视频了
trace_idx = 70
换视频了
trace_idx = 72
换视频了
trace_idx = 74
换视频了
trace_idx = 76
换视频了
trace_idx = 78
换视频了
trace_idx = 80
换视频了
trace_idx = 82
换视频了
trace_idx = 84
换视频了
trace_idx = 86
换视频了
trace_idx = 88
换视频了
trace_idx = 90
换视频了
trace_idx = 92
换视频了
trace_idx = 94
换视频了
trace_idx = 96
换视频了
trace_idx = 98
换视频了
trace_idx = 100
换视频了
trace_idx = 102
换视频了
trace_idx = 104
换视频了
trace_idx = 106
换视频了
trace_idx = 108
换视频了
trace_idx = 110
换视频了
trace_idx = 112
换视频了
trace_idx = 114
换视频了
trace_idx = 116
换视频了
trace_idx = 118
换视频了
trace_idx = 120
换视频了
trace_idx = 122
